\subsection *{Exercise\ 1.1\hskip 1em\relax }
\begin {enumerate}
\item 
\item 
\end {enumerate}
\subsection *{Exercise\ 2.1\hskip 1em\relax }
\subsection *{Exercise\ 2.2\hskip 1em\relax }
\begin {enumerate}
\item 
\begin {enumerate}
\item 
\item 
\item 
\item 
\end {enumerate}
\item 
\begin {enumerate}
\item 
\item 
\end {enumerate}
\end {enumerate}
\subsection *{Exercise\ 3.1\hskip 1em\relax }
\begin {enumerate}
\item 
\item 
\item 
\begin {enumerate}
\item 
\item 
\end {enumerate}
\end {enumerate}
\begin {enumerate}
\item 
\begin {enumerate}
\item 
\item 
\end {enumerate}
\end {enumerate}
\subsection *{Exercise\ 4.1\hskip 1em\relax }
\begin {enumerate}
\item 
\begin {enumerate}
\item 
\item 
\item 
\item 
\end {enumerate}
\item 
\begin {enumerate}
\item 
\item 
\item 
\item 
\item 
\item 
\end {enumerate}
\item 
\begin {enumerate}
\item 
\item 
\end {enumerate}
\item 
\item 
\begin {enumerate}
\item 
\item 
\end {enumerate}
\end {enumerate}
\subsection *{Exercise\ 5.1\hskip 1em\relax }
\begin {enumerate}
\item 
\item 
\item 
\item 
\begin {enumerate}
\item 
\item 
\end {enumerate}
\item 
\end {enumerate}
